
⎯⎯⎯⎯⎯⎯⎯ Startup Error ⎯⎯⎯⎯⎯⎯⎯⎯
Error: No projects matched the filter "e2e:observability/*".
    at Vitest._setServer (file:///Users/ward/projects/mastra/mastra-oss/node_modules/.pnpm/vitest@4.0.18_@opentelemetry+api@1.9.0_@types+node@22.19.15_@vitest+ui@4.0.18_jiti@2.6._2a70479f7486fdbec9e583593ec1de73/node_modules/vitest/dist/chunks/cli-api.B7PN_QUv.js:12242:22)
    at BasicMinimalPluginContext.handler (file:///Users/ward/projects/mastra/mastra-oss/node_modules/.pnpm/vitest@4.0.18_@opentelemetry+api@1.9.0_@types+node@22.19.15_@vitest+ui@4.0.18_jiti@2.6._2a70479f7486fdbec9e583593ec1de73/node_modules/vitest/dist/chunks/cli-api.B7PN_QUv.js:13158:6)
    at _createServer (file:///Users/ward/projects/mastra/mastra-oss/node_modules/.pnpm/vite@7.3.1_@types+node@22.19.15_jiti@2.6.1_lightningcss@1.31.1_terser@5.44.1_tsx@4.21.0_yaml@2.8.2/node_modules/vite/dist/node/chunks/config.js:25603:86)
    at createViteServer (file:///Users/ward/projects/mastra/mastra-oss/node_modules/.pnpm/vitest@4.0.18_@opentelemetry+api@1.9.0_@types+node@22.19.15_@vitest+ui@4.0.18_jiti@2.6._2a70479f7486fdbec9e583593ec1de73/node_modules/vitest/dist/chunks/cli-api.B7PN_QUv.js:9870:17)
    at createVitest (file:///Users/ward/projects/mastra/mastra-oss/node_modules/.pnpm/vitest@4.0.18_@opentelemetry+api@1.9.0_@types+node@22.19.15_@vitest+ui@4.0.18_jiti@2.6._2a70479f7486fdbec9e583593ec1de73/node_modules/vitest/dist/chunks/cli-api.B7PN_QUv.js:13186:17)
    at prepareVitest (file:///Users/ward/projects/mastra/mastra-oss/node_modules/.pnpm/vitest@4.0.18_@opentelemetry+api@1.9.0_@types+node@22.19.15_@vitest+ui@4.0.18_jiti@2.6._2a70479f7486fdbec9e583593ec1de73/node_modules/vitest/dist/chunks/cli-api.B7PN_QUv.js:13548:14)
    at startVitest (file:///Users/ward/projects/mastra/mastra-oss/node_modules/.pnpm/vitest@4.0.18_@opentelemetry+api@1.9.0_@types+node@22.19.15_@vitest+ui@4.0.18_jiti@2.6._2a70479f7486fdbec9e583593ec1de73/node_modules/vitest/dist/chunks/cli-api.B7PN_QUv.js:13494:14)
    at start (file:///Users/ward/projects/mastra/mastra-oss/node_modules/.pnpm/vitest@4.0.18_@opentelemetry+api@1.9.0_@types+node@22.19.15_@vitest+ui@4.0.18_jiti@2.6._2a70479f7486fdbec9e583593ec1de73/node_modules/vitest/dist/chunks/cac.DVeoLl0M.js:1360:15)
    at CAC.run (file:///Users/ward/projects/mastra/mastra-oss/node_modules/.pnpm/vitest@4.0.18_@opentelemetry+api@1.9.0_@types+node@22.19.15_@vitest+ui@4.0.18_jiti@2.6._2a70479f7486fdbec9e583593ec1de73/node_modules/vitest/dist/chunks/cac.DVeoLl0M.js:1338:2)



